// Jest Snapshot v1, https://goo.gl/fbAQLP

exports[`LandingPageTemplate Match Snapshot 1`] = `
<DocumentFragment>
  <a
    class="css-0"
    href="#"
  >
    <div
      class="w-20 md:w-40"
    >
      <img
        alt="sample"
        class="css-s08p0c "
        src="/images/logo.png"
      />
    </div>
  </a>
</DocumentFragment>
`;
