// Jest Snapshot v1, https://goo.gl/fbAQLP

exports[`Table Match Snapshot 1`] = `
[
  <button
    className="bg-blue-500 text-white py-2 px-4 rounded w-full md:w-72 mb-2 "
    onClick={[Function]}
  >
    <svg
      aria-hidden="true"
      className="svg-inline--fa fa-file-csv pr-3"
      data-icon="file-csv"
      data-prefix="fas"
      focusable="false"
      role="img"
      style={{}}
      viewBox="0 0 512 512"
      xmlns="http://www.w3.org/2000/svg"
    >
      <path
        d="M0 64C0 28.7 28.7 0 64 0H224V128c0 17.7 14.3 32 32 32H384V304H176c-35.3 0-64 28.7-64 64V512H64c-35.3 0-64-28.7-64-64V64zm384 64H256V0L384 128zM200 352h16c22.1 0 40 17.9 40 40v8c0 8.8-7.2 16-16 16s-16-7.2-16-16v-8c0-4.4-3.6-8-8-8H200c-4.4 0-8 3.6-8 8v80c0 4.4 3.6 8 8 8h16c4.4 0 8-3.6 8-8v-8c0-8.8 7.2-16 16-16s16 7.2 16 16v8c0 22.1-17.9 40-40 40H200c-22.1 0-40-17.9-40-40V392c0-22.1 17.9-40 40-40zm133.1 0H368c8.8 0 16 7.2 16 16s-7.2 16-16 16H333.1c-7.2 0-13.1 5.9-13.1 13.1c0 5.2 3 9.9 7.8 12l37.4 16.6c16.3 7.2 26.8 23.4 26.8 41.2c0 24.9-20.2 45.1-45.1 45.1H304c-8.8 0-16-7.2-16-16s7.2-16 16-16h42.9c7.2 0 13.1-5.9 13.1-13.1c0-5.2-3-9.9-7.8-12l-37.4-16.6c-16.3-7.2-26.8-23.4-26.8-41.2c0-24.9 20.2-45.1 45.1-45.1zm98.9 0c8.8 0 16 7.2 16 16v31.6c0 23 5.5 45.6 16 66c10.5-20.3 16-42.9 16-66V368c0-8.8 7.2-16 16-16s16 7.2 16 16v31.6c0 34.7-10.3 68.7-29.6 97.6l-5.1 7.7c-3 4.5-8 7.1-13.3 7.1s-10.3-2.7-13.3-7.1l-5.1-7.7c-19.3-28.9-29.6-62.9-29.6-97.6V368c0-8.8 7.2-16 16-16z"
        fill="currentColor"
        style={{}}
      />
    </svg>
    CSVダウンロード
  </button>,
  <button
    className="bg-blue-500 text-white py-2 px-4 rounded md:ml-4 w-full md:w-72 mb-2 "
    onClick={[Function]}
  >
    <svg
      aria-hidden="true"
      className="svg-inline--fa fa-file-excel pr-3"
      data-icon="file-excel"
      data-prefix="fas"
      focusable="false"
      role="img"
      style={{}}
      viewBox="0 0 384 512"
      xmlns="http://www.w3.org/2000/svg"
    >
      <path
        d="M64 0C28.7 0 0 28.7 0 64V448c0 35.3 28.7 64 64 64H320c35.3 0 64-28.7 64-64V160H256c-17.7 0-32-14.3-32-32V0H64zM256 0V128H384L256 0zM155.7 250.2L192 302.1l36.3-51.9c7.6-10.9 22.6-13.5 33.4-5.9s13.5 22.6 5.9 33.4L221.3 344l46.4 66.2c7.6 10.9 5 25.8-5.9 33.4s-25.8 5-33.4-5.9L192 385.8l-36.3 51.9c-7.6 10.9-22.6 13.5-33.4 5.9s-13.5-22.6-5.9-33.4L162.7 344l-46.4-66.2c-7.6-10.9-5-25.8 5.9-33.4s25.8-5 33.4 5.9z"
        fill="currentColor"
        style={{}}
      />
    </svg>
    Excelダウンロード
  </button>,
  <button
    className="bg-blue-500 text-white py-2 px-4 rounded md:ml-4 w-full md:w-72 mb-2 "
    onClick={[Function]}
  >
    <svg
      aria-hidden="true"
      className="svg-inline--fa fa-file-pdf pr-3"
      data-icon="file-pdf"
      data-prefix="fas"
      focusable="false"
      role="img"
      style={{}}
      viewBox="0 0 512 512"
      xmlns="http://www.w3.org/2000/svg"
    >
      <path
        d="M0 64C0 28.7 28.7 0 64 0H224V128c0 17.7 14.3 32 32 32H384V304H176c-35.3 0-64 28.7-64 64V512H64c-35.3 0-64-28.7-64-64V64zm384 64H256V0L384 128zM176 352h32c30.9 0 56 25.1 56 56s-25.1 56-56 56H192v32c0 8.8-7.2 16-16 16s-16-7.2-16-16V448 368c0-8.8 7.2-16 16-16zm32 80c13.3 0 24-10.7 24-24s-10.7-24-24-24H192v48h16zm96-80h32c26.5 0 48 21.5 48 48v64c0 26.5-21.5 48-48 48H304c-8.8 0-16-7.2-16-16V368c0-8.8 7.2-16 16-16zm32 128c8.8 0 16-7.2 16-16V400c0-8.8-7.2-16-16-16H320v96h16zm80-112c0-8.8 7.2-16 16-16h48c8.8 0 16 7.2 16 16s-7.2 16-16 16H448v32h32c8.8 0 16 7.2 16 16s-7.2 16-16 16H448v48c0 8.8-7.2 16-16 16s-16-7.2-16-16V432 368z"
        fill="currentColor"
        style={{}}
      />
    </svg>
    PDFダウンロード
  </button>,
  <div
    className="sc-feUZmu jzrolw css-0"
  >
    <div
      className="sc-hzhJZQ gmlwXk"
    >
      <div
        className="sc-aXZVg jNIkof rdt_Table"
        disabled={false}
        role="table"
      >
        <div
          className="sc-gEvEer hQPXLq rdt_TableHead"
          role="rowgroup"
        >
          <div
            className="sc-eqUAAy gocYik rdt_TableHeadRow"
            role="row"
          >
            <div
              className="sc-fqkvVR sc-dcJsrY sc-dAlyuH cygFkb ikexHN kjeJsv rdt_TableCol"
              data-column-id={1}
              onDragEnd={[Function]}
              onDragEnter={[Function]}
              onDragLeave={[Function]}
              onDragOver={[Function]}
              onDragStart={[Function]}
            >
              <div
                className="sc-jlZhew jbGVAn rdt_TableCol_Sortable"
                data-column-id={1}
                data-sort-id={1}
                disabled={false}
                onClick={[Function]}
                onKeyPress={[Function]}
                role="columnheader"
                tabIndex={0}
              >
                <div
                  className="sc-cwHptR brFloq"
                  data-column-id={1}
                >
                  商品名
                </div>
                <span
                  className="sc-kpDqfm cRzJdb"
                >
                  ▲
                </span>
              </div>
            </div>
            <div
              className="sc-fqkvVR sc-dcJsrY sc-dAlyuH cygFkb ikexHN kjeJsv rdt_TableCol"
              data-column-id={2}
              onDragEnd={[Function]}
              onDragEnter={[Function]}
              onDragLeave={[Function]}
              onDragOver={[Function]}
              onDragStart={[Function]}
            >
              <div
                className="sc-jlZhew jbGVAn rdt_TableCol_Sortable"
                data-column-id={2}
                data-sort-id={2}
                disabled={false}
                onClick={[Function]}
                onKeyPress={[Function]}
                role="columnheader"
                tabIndex={0}
              >
                <div
                  className="sc-cwHptR brFloq"
                  data-column-id={2}
                >
                  画像
                </div>
                <span
                  className="sc-kpDqfm cRzJdb"
                >
                  ▲
                </span>
              </div>
            </div>
            <div
              className="sc-fqkvVR sc-dcJsrY sc-dAlyuH cygFkb ikexHN kjeJsv rdt_TableCol"
              data-column-id={3}
              onDragEnd={[Function]}
              onDragEnter={[Function]}
              onDragLeave={[Function]}
              onDragOver={[Function]}
              onDragStart={[Function]}
            >
              <div
                className="sc-jlZhew jbGVAn rdt_TableCol_Sortable"
                data-column-id={3}
                data-sort-id={3}
                disabled={false}
                onClick={[Function]}
                onKeyPress={[Function]}
                role="columnheader"
                tabIndex={0}
              >
                <div
                  className="sc-cwHptR brFloq"
                  data-column-id={3}
                >
                  詳細
                </div>
                <span
                  className="sc-kpDqfm cRzJdb"
                >
                  ▲
                </span>
              </div>
            </div>
            <div
              className="sc-fqkvVR sc-dcJsrY sc-dAlyuH cygFkb ikexHN kjeJsv rdt_TableCol"
              data-column-id={4}
              onDragEnd={[Function]}
              onDragEnter={[Function]}
              onDragLeave={[Function]}
              onDragOver={[Function]}
              onDragStart={[Function]}
            >
              <div
                className="sc-jlZhew jbGVAn rdt_TableCol_Sortable"
                data-column-id={4}
                data-sort-id={4}
                disabled={false}
                onClick={[Function]}
                onKeyPress={[Function]}
                role="columnheader"
                tabIndex={0}
              >
                <div
                  className="sc-cwHptR brFloq"
                  data-column-id={4}
                >
                  価格
                </div>
                <span
                  className="sc-kpDqfm cRzJdb"
                >
                  ▲
                </span>
              </div>
            </div>
          </div>
        </div>
        <div
          className="sc-dAbbOL kdgCYE rdt_TableBody"
          role="rowgroup"
        >
          <div
            className="sc-dhKdcB ijprYX rdt_TableRow"
            id="row-1"
            onClick={[Function]}
            onDoubleClick={[Function]}
            onMouseEnter={[Function]}
            onMouseLeave={[Function]}
            role="row"
            selected={false}
            style={{}}
          >
            <div
              className="sc-fqkvVR sc-dcJsrY sc-iGgWBj dKzMcW ikexHN hgByPU rdt_TableCell"
              data-column-id={1}
              data-tag="allowRowEvents"
              id="cell-1-1"
              onDragEnd={[Function]}
              onDragEnter={[Function]}
              onDragLeave={[Function]}
              onDragOver={[Function]}
              onDragStart={[Function]}
              role="cell"
              style={{}}
            >
              <div
                data-tag="allowRowEvents"
              >
                商品A
              </div>
            </div>
            <div
              className="sc-fqkvVR sc-dcJsrY sc-iGgWBj dKzMcW ikexHN kOTwWT rdt_TableCell"
              data-column-id={2}
              data-tag="allowRowEvents"
              id="cell-2-1"
              onDragEnd={[Function]}
              onDragEnter={[Function]}
              onDragLeave={[Function]}
              onDragOver={[Function]}
              onDragStart={[Function]}
              role="cell"
              style={{}}
            >
              <div
                className="p-1"
              >
                <div
                  className="w-8"
                >
                  <img
                    alt="商品A"
                    className="css-s08p0c "
                    loading="lazy"
                    src="/images/dummy_480x320.png"
                  />
                </div>
              </div>
            </div>
            <div
              className="sc-fqkvVR sc-dcJsrY sc-iGgWBj dKzMcW ikexHN hgByPU rdt_TableCell"
              data-column-id={3}
              data-tag="allowRowEvents"
              id="cell-3-1"
              onDragEnd={[Function]}
              onDragEnter={[Function]}
              onDragLeave={[Function]}
              onDragOver={[Function]}
              onDragStart={[Function]}
              role="cell"
              style={{}}
            >
              <div
                data-tag="allowRowEvents"
              >
                商品Aです。
              </div>
            </div>
            <div
              className="sc-fqkvVR sc-dcJsrY sc-iGgWBj dKzMcW ikexHN hgByPU rdt_TableCell"
              data-column-id={4}
              data-tag="allowRowEvents"
              id="cell-4-1"
              onDragEnd={[Function]}
              onDragEnter={[Function]}
              onDragLeave={[Function]}
              onDragOver={[Function]}
              onDragStart={[Function]}
              role="cell"
              style={{}}
            >
              <div
                data-tag="allowRowEvents"
              >
                111
              </div>
            </div>
          </div>
          <div
            className="sc-dhKdcB hbgCLW rdt_TableRow"
            id="row-2"
            onClick={[Function]}
            onDoubleClick={[Function]}
            onMouseEnter={[Function]}
            onMouseLeave={[Function]}
            role="row"
            selected={false}
            style={{}}
          >
            <div
              className="sc-fqkvVR sc-dcJsrY sc-iGgWBj dKzMcW ikexHN hgByPU rdt_TableCell"
              data-column-id={1}
              data-tag="allowRowEvents"
              id="cell-1-2"
              onDragEnd={[Function]}
              onDragEnter={[Function]}
              onDragLeave={[Function]}
              onDragOver={[Function]}
              onDragStart={[Function]}
              role="cell"
              style={{}}
            >
              <div
                data-tag="allowRowEvents"
              >
                商品B
              </div>
            </div>
            <div
              className="sc-fqkvVR sc-dcJsrY sc-iGgWBj dKzMcW ikexHN kOTwWT rdt_TableCell"
              data-column-id={2}
              data-tag="allowRowEvents"
              id="cell-2-2"
              onDragEnd={[Function]}
              onDragEnter={[Function]}
              onDragLeave={[Function]}
              onDragOver={[Function]}
              onDragStart={[Function]}
              role="cell"
              style={{}}
            >
              <div
                className="p-1"
              >
                <div
                  className="w-8"
                >
                  <img
                    alt="商品B"
                    className="css-s08p0c "
                    loading="lazy"
                    src="/images/dummy_480x320.png"
                  />
                </div>
              </div>
            </div>
            <div
              className="sc-fqkvVR sc-dcJsrY sc-iGgWBj dKzMcW ikexHN hgByPU rdt_TableCell"
              data-column-id={3}
              data-tag="allowRowEvents"
              id="cell-3-2"
              onDragEnd={[Function]}
              onDragEnter={[Function]}
              onDragLeave={[Function]}
              onDragOver={[Function]}
              onDragStart={[Function]}
              role="cell"
              style={{}}
            >
              <div
                data-tag="allowRowEvents"
              >
                商品Bです。
              </div>
            </div>
            <div
              className="sc-fqkvVR sc-dcJsrY sc-iGgWBj dKzMcW ikexHN hgByPU rdt_TableCell"
              data-column-id={4}
              data-tag="allowRowEvents"
              id="cell-4-2"
              onDragEnd={[Function]}
              onDragEnter={[Function]}
              onDragLeave={[Function]}
              onDragOver={[Function]}
              onDragStart={[Function]}
              role="cell"
              style={{}}
            >
              <div
                data-tag="allowRowEvents"
              >
                222
              </div>
            </div>
          </div>
          <div
            className="sc-dhKdcB ijprYX rdt_TableRow"
            id="row-3"
            onClick={[Function]}
            onDoubleClick={[Function]}
            onMouseEnter={[Function]}
            onMouseLeave={[Function]}
            role="row"
            selected={false}
            style={{}}
          >
            <div
              className="sc-fqkvVR sc-dcJsrY sc-iGgWBj dKzMcW ikexHN hgByPU rdt_TableCell"
              data-column-id={1}
              data-tag="allowRowEvents"
              id="cell-1-3"
              onDragEnd={[Function]}
              onDragEnter={[Function]}
              onDragLeave={[Function]}
              onDragOver={[Function]}
              onDragStart={[Function]}
              role="cell"
              style={{}}
            >
              <div
                data-tag="allowRowEvents"
              >
                商品C
              </div>
            </div>
            <div
              className="sc-fqkvVR sc-dcJsrY sc-iGgWBj dKzMcW ikexHN kOTwWT rdt_TableCell"
              data-column-id={2}
              data-tag="allowRowEvents"
              id="cell-2-3"
              onDragEnd={[Function]}
              onDragEnter={[Function]}
              onDragLeave={[Function]}
              onDragOver={[Function]}
              onDragStart={[Function]}
              role="cell"
              style={{}}
            >
              <div
                className="p-1"
              >
                <div
                  className="w-8"
                >
                  <img
                    alt="商品C"
                    className="css-s08p0c "
                    loading="lazy"
                    src="/images/dummy_480x320.png"
                  />
                </div>
              </div>
            </div>
            <div
              className="sc-fqkvVR sc-dcJsrY sc-iGgWBj dKzMcW ikexHN hgByPU rdt_TableCell"
              data-column-id={3}
              data-tag="allowRowEvents"
              id="cell-3-3"
              onDragEnd={[Function]}
              onDragEnter={[Function]}
              onDragLeave={[Function]}
              onDragOver={[Function]}
              onDragStart={[Function]}
              role="cell"
              style={{}}
            >
              <div
                data-tag="allowRowEvents"
              >
                商品Cです。
              </div>
            </div>
            <div
              className="sc-fqkvVR sc-dcJsrY sc-iGgWBj dKzMcW ikexHN hgByPU rdt_TableCell"
              data-column-id={4}
              data-tag="allowRowEvents"
              id="cell-4-3"
              onDragEnd={[Function]}
              onDragEnter={[Function]}
              onDragLeave={[Function]}
              onDragOver={[Function]}
              onDragStart={[Function]}
              role="cell"
              style={{}}
            >
              <div
                data-tag="allowRowEvents"
              >
                333
              </div>
            </div>
          </div>
          <div
            className="sc-dhKdcB hbgCLW rdt_TableRow"
            id="row-4"
            onClick={[Function]}
            onDoubleClick={[Function]}
            onMouseEnter={[Function]}
            onMouseLeave={[Function]}
            role="row"
            selected={false}
            style={{}}
          >
            <div
              className="sc-fqkvVR sc-dcJsrY sc-iGgWBj dKzMcW ikexHN hgByPU rdt_TableCell"
              data-column-id={1}
              data-tag="allowRowEvents"
              id="cell-1-4"
              onDragEnd={[Function]}
              onDragEnter={[Function]}
              onDragLeave={[Function]}
              onDragOver={[Function]}
              onDragStart={[Function]}
              role="cell"
              style={{}}
            >
              <div
                data-tag="allowRowEvents"
              >
                商品D
              </div>
            </div>
            <div
              className="sc-fqkvVR sc-dcJsrY sc-iGgWBj dKzMcW ikexHN kOTwWT rdt_TableCell"
              data-column-id={2}
              data-tag="allowRowEvents"
              id="cell-2-4"
              onDragEnd={[Function]}
              onDragEnter={[Function]}
              onDragLeave={[Function]}
              onDragOver={[Function]}
              onDragStart={[Function]}
              role="cell"
              style={{}}
            >
              <div
                className="p-1"
              >
                <div
                  className="w-8"
                >
                  <img
                    alt="商品D"
                    className="css-s08p0c "
                    loading="lazy"
                    src="/images/dummy_480x320.png"
                  />
                </div>
              </div>
            </div>
            <div
              className="sc-fqkvVR sc-dcJsrY sc-iGgWBj dKzMcW ikexHN hgByPU rdt_TableCell"
              data-column-id={3}
              data-tag="allowRowEvents"
              id="cell-3-4"
              onDragEnd={[Function]}
              onDragEnter={[Function]}
              onDragLeave={[Function]}
              onDragOver={[Function]}
              onDragStart={[Function]}
              role="cell"
              style={{}}
            >
              <div
                data-tag="allowRowEvents"
              >
                商品Dです。
              </div>
            </div>
            <div
              className="sc-fqkvVR sc-dcJsrY sc-iGgWBj dKzMcW ikexHN hgByPU rdt_TableCell"
              data-column-id={4}
              data-tag="allowRowEvents"
              id="cell-4-4"
              onDragEnd={[Function]}
              onDragEnter={[Function]}
              onDragLeave={[Function]}
              onDragOver={[Function]}
              onDragStart={[Function]}
              role="cell"
              style={{}}
            >
              <div
                data-tag="allowRowEvents"
              >
                444
              </div>
            </div>
          </div>
          <div
            className="sc-dhKdcB ijprYX rdt_TableRow"
            id="row-5"
            onClick={[Function]}
            onDoubleClick={[Function]}
            onMouseEnter={[Function]}
            onMouseLeave={[Function]}
            role="row"
            selected={false}
            style={{}}
          >
            <div
              className="sc-fqkvVR sc-dcJsrY sc-iGgWBj dKzMcW ikexHN hgByPU rdt_TableCell"
              data-column-id={1}
              data-tag="allowRowEvents"
              id="cell-1-5"
              onDragEnd={[Function]}
              onDragEnter={[Function]}
              onDragLeave={[Function]}
              onDragOver={[Function]}
              onDragStart={[Function]}
              role="cell"
              style={{}}
            >
              <div
                data-tag="allowRowEvents"
              >
                商品E
              </div>
            </div>
            <div
              className="sc-fqkvVR sc-dcJsrY sc-iGgWBj dKzMcW ikexHN kOTwWT rdt_TableCell"
              data-column-id={2}
              data-tag="allowRowEvents"
              id="cell-2-5"
              onDragEnd={[Function]}
              onDragEnter={[Function]}
              onDragLeave={[Function]}
              onDragOver={[Function]}
              onDragStart={[Function]}
              role="cell"
              style={{}}
            >
              <div
                className="p-1"
              >
                <div
                  className="w-8"
                >
                  <img
                    alt="商品E"
                    className="css-s08p0c "
                    loading="lazy"
                    src="/images/dummy_480x320.png"
                  />
                </div>
              </div>
            </div>
            <div
              className="sc-fqkvVR sc-dcJsrY sc-iGgWBj dKzMcW ikexHN hgByPU rdt_TableCell"
              data-column-id={3}
              data-tag="allowRowEvents"
              id="cell-3-5"
              onDragEnd={[Function]}
              onDragEnter={[Function]}
              onDragLeave={[Function]}
              onDragOver={[Function]}
              onDragStart={[Function]}
              role="cell"
              style={{}}
            >
              <div
                data-tag="allowRowEvents"
              >
                商品Eです。
              </div>
            </div>
            <div
              className="sc-fqkvVR sc-dcJsrY sc-iGgWBj dKzMcW ikexHN hgByPU rdt_TableCell"
              data-column-id={4}
              data-tag="allowRowEvents"
              id="cell-4-5"
              onDragEnd={[Function]}
              onDragEnter={[Function]}
              onDragLeave={[Function]}
              onDragOver={[Function]}
              onDragStart={[Function]}
              role="cell"
              style={{}}
            >
              <div
                data-tag="allowRowEvents"
              >
                555
              </div>
            </div>
          </div>
        </div>
      </div>
    </div>
  </div>,
  <div>
    <div
      className="flex items-center justify-center mt-6 text-sm"
    >
      <select
        className="mr-2 p-2 border rounded"
        onChange={[Function]}
        value={5}
      >
        <option
          value={5}
        >
          5
           件表示
        </option>
        <option
          value={10}
        >
          10
           件表示
        </option>
        <option
          value={15}
        >
          15
           件表示
        </option>
        <option
          value={20}
        >
          20
           件表示
        </option>
      </select>
      <button
        className="inline-block bg-gray-200 text-gray-700 font-bold px-4 py-2 rounded-l opacity-50"
        disabled={true}
        onClick={[Function]}
      >
        前へ
      </button>
      <button
        className="inline-block font-bold px-4 py-2 bg-blue-500 text-white"
        onClick={[Function]}
      >
        1
      </button>
      <button
        className="inline-block font-bold px-4 py-2 bg-gray-200 text-gray-700 "
        onClick={[Function]}
      >
        2
      </button>
      <button
        className="inline-block bg-gray-200 text-gray-700 font-bold px-4 py-2 rounded-r "
        disabled={false}
        onClick={[Function]}
      >
        次へ
      </button>
    </div>
  </div>,
]
`;
