// Jest Snapshot v1, https://goo.gl/fbAQLP

exports[`Footer 1`] = `
<footer
  className="footer"
>
  <div
    className="footer_inner"
  >
    <p
      className="mt20"
    >
      <img
        alt=""
        src="/assets/front/image/logo_02.png"
      />
    </p>
    <p
      className="mt10"
    >
      <small
        className="fz-s"
      >
        ©️isystk このページは架空のページです。実際の人物・団体とは関係ありません。
      </small>
    </p>
  </div>
</footer>
`;
